子目录的子目录
可以看到当使用add . 的时候会把所有修改都添加进去的
D:\git>git status
On branch master
Changes not staged for commit:
  (use "git add <file>..." to update what will be committed)
  (use "git checkout -- <file>..." to discard changes in working directory)

        modified:   first.txt

Untracked files:
  (use "git add <file>..." to include in what will be committed)

        sub/

no changes added to commit (use "git add" and/or "git commit -a")

D:\git>git add .

D:\git>git status
On branch master
Changes to be committed:
  (use "git reset HEAD <file>..." to unstage)

        modified:   first.txt
        new file:   sub/subsub/four.txt
        new file:   sub/three.txt
